// Jest Snapshot v1, https://goo.gl/fbAQLP

exports[`Flight Snapshot renders correctly 1`] = `
<div
  className="app-main"
>
  <div
    className="app-main-form-background"
  >
    <div
      className="app-main-col_1 app-main-form-flights"
    >
      <form
        className="app-main-form app-main-col_1"
        onSubmit={[Function]}
      >
        <div
          className="app-main-col app-main-col_6 app-main-form-input dropdown-container"
        >
          <div
            className="css-10nd86i app-main-form-input"
            onKeyDown={[Function]}
          >
            <div
              className="css-1ns25le"
              onMouseDown={[Function]}
              onTouchEnd={[Function]}
            >
              <div
                className="css-1hwfws3"
              >
                <div
                  className="css-1492t68"
                >
                  Departure
                </div>
                <div
                  className="css-141p260"
                >
                  <div
                    className=""
                    style={
                      Object {
                        "display": "inline-block",
                      }
                    }
                  >
                    <input
                      aria-autocomplete="list"
                      autoCapitalize="none"
                      autoComplete="off"
                      autoCorrect="off"
                      disabled={false}
                      id="react-select-2-input"
                      onBlur={[Function]}
                      onChange={[Function]}
                      onFocus={[Function]}
                      spellCheck="false"
                      style={
                        Object {
                          "background": 0,
                          "border": 0,
                          "boxSizing": "content-box",
                          "color": "inherit",
                          "fontSize": "inherit",
                          "opacity": 1,
                          "outline": 0,
                          "padding": 0,
                          "width": "1px",
                        }
                      }
                      tabIndex="0"
                      type="text"
                      value=""
                    />
                    <div
                      style={
                        Object {
                          "height": 0,
                          "left": 0,
                          "overflow": "scroll",
                          "position": "absolute",
                          "top": 0,
                          "visibility": "hidden",
                          "whiteSpace": "pre",
                        }
                      }
                    >
                      
                    </div>
                  </div>
                </div>
              </div>
              <div
                className="css-1wy0on6"
              >
                <span
                  className="css-d8oujb"
                />
                <div
                  aria-hidden="true"
                  className="css-1ep9fjw"
                  onMouseDown={[Function]}
                  onTouchEnd={[Function]}
                >
                  <svg
                    aria-hidden="true"
                    className="css-19bqh2r"
                    focusable="false"
                    height={20}
                    viewBox="0 0 20 20"
                    width={20}
                  >
                    <path
                      d="M4.516 7.548c0.436-0.446 1.043-0.481 1.576 0l3.908 3.747 3.908-3.747c0.533-0.481 1.141-0.446 1.574 0 0.436 0.445 0.408 1.197 0 1.615-0.406 0.418-4.695 4.502-4.695 4.502-0.217 0.223-0.502 0.335-0.787 0.335s-0.57-0.112-0.789-0.335c0 0-4.287-4.084-4.695-4.502s-0.436-1.17 0-1.615z"
                    />
                  </svg>
                </div>
              </div>
            </div>
            <input
              name="departureCity"
              type="hidden"
              value=""
            />
          </div>
        </div>
        <div
          className="app-main-col app-main-col_6 app-main-form-input dropdown-container"
        >
          <div
            className="css-10nd86i app-main-form-input"
            onKeyDown={[Function]}
          >
            <div
              className="css-1ns25le"
              onMouseDown={[Function]}
              onTouchEnd={[Function]}
            >
              <div
                className="css-1hwfws3"
              >
                <div
                  className="css-1492t68"
                >
                  Arrival
                </div>
                <div
                  className="css-141p260"
                >
                  <div
                    className=""
                    style={
                      Object {
                        "display": "inline-block",
                      }
                    }
                  >
                    <input
                      aria-autocomplete="list"
                      autoCapitalize="none"
                      autoComplete="off"
                      autoCorrect="off"
                      disabled={false}
                      id="react-select-3-input"
                      onBlur={[Function]}
                      onChange={[Function]}
                      onFocus={[Function]}
                      spellCheck="false"
                      style={
                        Object {
                          "background": 0,
                          "border": 0,
                          "boxSizing": "content-box",
                          "color": "inherit",
                          "fontSize": "inherit",
                          "opacity": 1,
                          "outline": 0,
                          "padding": 0,
                          "width": "1px",
                        }
                      }
                      tabIndex="0"
                      type="text"
                      value=""
                    />
                    <div
                      style={
                        Object {
                          "height": 0,
                          "left": 0,
                          "overflow": "scroll",
                          "position": "absolute",
                          "top": 0,
                          "visibility": "hidden",
                          "whiteSpace": "pre",
                        }
                      }
                    >
                      
                    </div>
                  </div>
                </div>
              </div>
              <div
                className="css-1wy0on6"
              >
                <span
                  className="css-d8oujb"
                />
                <div
                  aria-hidden="true"
                  className="css-1ep9fjw"
                  onMouseDown={[Function]}
                  onTouchEnd={[Function]}
                >
                  <svg
                    aria-hidden="true"
                    className="css-19bqh2r"
                    focusable="false"
                    height={20}
                    viewBox="0 0 20 20"
                    width={20}
                  >
                    <path
                      d="M4.516 7.548c0.436-0.446 1.043-0.481 1.576 0l3.908 3.747 3.908-3.747c0.533-0.481 1.141-0.446 1.574 0 0.436 0.445 0.408 1.197 0 1.615-0.406 0.418-4.695 4.502-4.695 4.502-0.217 0.223-0.502 0.335-0.787 0.335s-0.57-0.112-0.789-0.335c0 0-4.287-4.084-4.695-4.502s-0.436-1.17 0-1.615z"
                    />
                  </svg>
                </div>
              </div>
            </div>
            <input
              name="arrivalCity"
              type="hidden"
              value=""
            />
          </div>
        </div>
        <div
          className="app-main-col app-main-col_6 app-main-form-input"
        >
          <input
            className="app-main-form-date_picker search-bar-input form-control"
            name="departureDate"
            onChange={[Function]}
            type="date"
          />
        </div>
        <div
          className="app-main-col app-main-col_6 app-main-form-input"
        >
          <input
            className="app-main-form-date_picker search-bar-input form-control"
            name="returnDate"
            onChange={[Function]}
            type="date"
          />
        </div>
        <div
          className="app-main-col app-main-col_8 app-main-form-input"
        >
          <input
            className="app-main-form-number search-bar-input"
            name="ticketQty"
            onChange={[Function]}
            placeholder="1"
            style={
              Object {
                "marginTop": 0,
              }
            }
            type="number"
          />
        </div>
        <button
          aria-label={null}
          className="app-main-col app-main-col_6 app-main-form-btn_flights app-main-form-button_color btn btn-secondary"
          onClick={[Function]}
          type="button"
        >
          Search
        </button>
      </form>
    </div>
  </div>
  <div
    className="app-main-wrapper"
  >
    <div
      className="app-main-col_1"
    >
      <p
        className="app-main-p"
      >
        Total results: 20
      </p>
    </div>
  </div>
</div>
`;
