// Jest Snapshot v1, https://goo.gl/fbAQLP

exports[`Flight Snapshot renders correctly 1`] = `
<div
  className="app-main"
>
  <div
    className="app-main-wrapper"
  >
    <div
      className="app-main-col_1"
    >
      <p
        className="app-main-p"
      >
        Total results:
         
        0
      </p>
    </div>
  </div>
</div>
`;
