// Jest Snapshot v1, https://goo.gl/fbAQLP

exports[`Home Snapshot renders correctly 1`] = `
<div
  className="app-main"
>
  <div
    className="app-main-wrapper"
  >
    <h4
      className="app-main-h4"
    >
      Book a flight
    </h4>
    <form
      className="app-main-form app-main-col_1"
      onSubmit={[Function]}
    >
      <div
        className="app-main-col_2 dropdown-container"
      >
        <label
          className="app-main-form-label"
        >
          From
        </label>
        <div
          className="css-10nd86i app-main-form-input"
          onKeyDown={[Function]}
        >
          <div
            className="css-1ns25le"
            onMouseDown={[Function]}
            onTouchEnd={[Function]}
          >
            <div
              className="css-1hwfws3"
            >
              <div
                className="css-1492t68"
              >
                Departure City
              </div>
              <div
                className="css-1g6gooi"
              >
                <div
                  className=""
                  style={
                    Object {
                      "display": "inline-block",
                    }
                  }
                >
                  <input
                    aria-autocomplete="list"
                    autoCapitalize="none"
                    autoComplete="off"
                    autoCorrect="off"
                    disabled={false}
                    id="react-select-2-input"
                    onBlur={[Function]}
                    onChange={[Function]}
                    onFocus={[Function]}
                    spellCheck="false"
                    style={
                      Object {
                        "background": 0,
                        "border": 0,
                        "boxSizing": "content-box",
                        "color": "inherit",
                        "fontSize": "inherit",
                        "opacity": 1,
                        "outline": 0,
                        "padding": 0,
                        "width": "1px",
                      }
                    }
                    tabIndex="0"
                    type="text"
                    value=""
                  />
                  <div
                    style={
                      Object {
                        "height": 0,
                        "left": 0,
                        "overflow": "scroll",
                        "position": "absolute",
                        "top": 0,
                        "visibility": "hidden",
                        "whiteSpace": "pre",
                      }
                    }
                  >
                    
                  </div>
                </div>
              </div>
            </div>
            <div
              className="css-1wy0on6"
            >
              <span
                className="css-d8oujb"
              />
              <div
                aria-hidden="true"
                className="css-1ep9fjw"
                onMouseDown={[Function]}
                onTouchEnd={[Function]}
              >
                <svg
                  aria-hidden="true"
                  className="css-19bqh2r"
                  focusable="false"
                  height={20}
                  viewBox="0 0 20 20"
                  width={20}
                >
                  <path
                    d="M4.516 7.548c0.436-0.446 1.043-0.481 1.576 0l3.908 3.747 3.908-3.747c0.533-0.481 1.141-0.446 1.574 0 0.436 0.445 0.408 1.197 0 1.615-0.406 0.418-4.695 4.502-4.695 4.502-0.217 0.223-0.502 0.335-0.787 0.335s-0.57-0.112-0.789-0.335c0 0-4.287-4.084-4.695-4.502s-0.436-1.17 0-1.615z"
                  />
                </svg>
              </div>
            </div>
          </div>
          <input
            name="departureCity"
            type="hidden"
            value=""
          />
        </div>
      </div>
      <div
        className="app-main-col_2 dropdown-container"
      >
        <label
          className="app-main-form-label"
        >
          To
        </label>
        <div
          className="css-10nd86i app-main-form-input"
          onKeyDown={[Function]}
        >
          <div
            className="css-1ns25le"
            onMouseDown={[Function]}
            onTouchEnd={[Function]}
          >
            <div
              className="css-1hwfws3"
            >
              <div
                className="css-1492t68"
              >
                Arrival City
              </div>
              <div
                className="css-1g6gooi"
              >
                <div
                  className=""
                  style={
                    Object {
                      "display": "inline-block",
                    }
                  }
                >
                  <input
                    aria-autocomplete="list"
                    autoCapitalize="none"
                    autoComplete="off"
                    autoCorrect="off"
                    disabled={false}
                    id="react-select-3-input"
                    onBlur={[Function]}
                    onChange={[Function]}
                    onFocus={[Function]}
                    spellCheck="false"
                    style={
                      Object {
                        "background": 0,
                        "border": 0,
                        "boxSizing": "content-box",
                        "color": "inherit",
                        "fontSize": "inherit",
                        "opacity": 1,
                        "outline": 0,
                        "padding": 0,
                        "width": "1px",
                      }
                    }
                    tabIndex="0"
                    type="text"
                    value=""
                  />
                  <div
                    style={
                      Object {
                        "height": 0,
                        "left": 0,
                        "overflow": "scroll",
                        "position": "absolute",
                        "top": 0,
                        "visibility": "hidden",
                        "whiteSpace": "pre",
                      }
                    }
                  >
                    
                  </div>
                </div>
              </div>
            </div>
            <div
              className="css-1wy0on6"
            >
              <span
                className="css-d8oujb"
              />
              <div
                aria-hidden="true"
                className="css-1ep9fjw"
                onMouseDown={[Function]}
                onTouchEnd={[Function]}
              >
                <svg
                  aria-hidden="true"
                  className="css-19bqh2r"
                  focusable="false"
                  height={20}
                  viewBox="0 0 20 20"
                  width={20}
                >
                  <path
                    d="M4.516 7.548c0.436-0.446 1.043-0.481 1.576 0l3.908 3.747 3.908-3.747c0.533-0.481 1.141-0.446 1.574 0 0.436 0.445 0.408 1.197 0 1.615-0.406 0.418-4.695 4.502-4.695 4.502-0.217 0.223-0.502 0.335-0.787 0.335s-0.57-0.112-0.789-0.335c0 0-4.287-4.084-4.695-4.502s-0.436-1.17 0-1.615z"
                  />
                </svg>
              </div>
            </div>
          </div>
          <input
            name="arrivalCity"
            type="hidden"
            value=""
          />
        </div>
      </div>
      <div
        className="app-main-col_2"
      >
        <div
          className="app-main-col app-main-col_2"
        >
          <input
            checked={true}
            className="app-main-form-checkbox"
            id="roundtrip"
            name="isRoundtrip"
            onChange={[Function]}
            type="checkbox"
          />
          <label
            className="app-main-form-label"
            htmlFor="roundtrip"
          >
            Round Trip
          </label>
        </div>
        <div
          className="app-main-col app-main-col_2"
        >
          <input
            className="app-main-form-number"
            name="ticketQty"
            onChange={[Function]}
            placeholder="1"
            type="number"
          />
          <label
            className="app-main-form-label"
            htmlFor="roundtrip"
          >
            Traveller(s)
          </label>
        </div>
      </div>
      <div
        className="app-main-col_2"
      >
        <div
          className="app-main-col app-main-col_2"
        >
          <label
            className="app-main-form-label"
          >
            Depart
          </label>
          <br />
          <input
            className="app-main-form-date_picker form-control"
            name="departureDate"
            onChange={[Function]}
            type="date"
          />
        </div>
        <div
          className="app-main-col app-main-col_2"
        >
          <label
            className="app-main-form-label"
          >
            Return
          </label>
          <br />
          <input
            className="app-main-form-date_picker form-control"
            name="returnDate"
            onChange={[Function]}
            type="date"
          />
        </div>
      </div>
      <div
        className="app-main-form-button"
      >
        <button
          aria-label={null}
          className="w-100 mt-5 app-main-form-button_color btn btn-secondary"
          onClick={[Function]}
          type="button"
        >
          Search
        </button>
      </div>
    </form>
    <hr
      className="app-main-hr"
    />
    <h4
      className="app-main-h4"
    >
      View a booking
    </h4>
    <form
      className="app-main-form app-main-col_1"
      onSubmit={[Function]}
    >
      <div
        className="app-main-col_2"
      >
        <input
          className="app-main-form-input form-control"
          placeholder="Booking reference"
          type="text"
        />
      </div>
      <div
        className="app-main-form-button"
      >
        <button
          aria-label={null}
          className="w-100 mt-5 app-main-form-button_color btn btn-secondary"
          onClick={[Function]}
        >
          Search
        </button>
      </div>
    </form>
  </div>
</div>
`;
